Microchip MPLAB XC8 Compiler V2.40

Linker command line:

-W-3 \
  --edf=C:\Program Files\Microchip\xc8\v2.40\pic\dat\20220703182018_en.msgs \
  -cn -h+dist/default/production\ProyectoDigital2Master.X.production.sym \
  --cmf=dist/default/production\ProyectoDigital2Master.X.production.cmf -z \
  -Q16F887 -oC:\Users\jmuni\AppData\Local\Temp\xcAson8.4 \
  --defsym=__MPLAB_BUILD=1 --fixupoverflow=error \
  -Mdist/default/production/ProyectoDigital2Master.X.production.map \
  --md=C:\Users\jmuni\AppData\Local\Temp\xcAson8.dat -E1 -ver=XC8 Compiler \
  --acfsm=1493 -ACODE=00h-07FFhx4 -ASTRCODE=00h-01FFFh -ASTRING=00h-0FFhx32 \
  -ACONST=00h-0FFhx32 -AENTRY=00h-0FFhx32 -ACOMMON=070h-07Fh \
  -ABANK0=020h-06Fh -ABANK1=0A0h-0EFh -ABANK2=0110h-016Fh \
  -ABANK3=0190h-01EFh -ARAM=020h-06Fh,0A0h-0EFh,0110h-016Fh,0190h-01EFh \
  -AABS1=020h-07Fh,0A0h-0EFh,0110h-016Fh,0190h-01EFh -ASFR0=00h-01Fh \
  -ASFR1=080h-09Fh -ASFR2=0100h-010Fh -ASFR3=0180h-018Fh \
  -ACONFIG=02007h-02008h -DCONFIG=2 -AIDLOC=02000h-02003h -DIDLOC=2 \
  -AEEDATA=00h-0FFh/02100h -peeprom_data=EEDATA -DEEDATA=2 -DCODE=2 \
  -DSTRCODE=2 -DSTRING=2 -DCONST=2 -DENTRY=2 \
  -preset_vec=00h,intentry=04h,init,end_init -ppowerup=CODE -pcinit=CODE \
  -pfunctab=ENTRY -k C:\Users\jmuni\AppData\Local\Temp\xcAson8.o \
  dist/default/production\ProyectoDigital2Master.X.production.o 

Object code version is 3.11

Machine type is 16F887



                Name                               Link     Load   Length Selector   Space Scale
C:\Users\jmuni\AppData\Local\Temp\xcAson8.o
                end_init                             12       12        3        8       0
                reset_vec                             0        0        3        0       0
                config                             2007     2007        2        0       4
                idloc                              2000     2000        4        0       5
dist/default/production\ProyectoDigital2Master.X.production.o
                cinit                                15       15       23        8       0
                intentry                              4        4        E        8       0
                config                             2007     2007        2        0       4
                idloc                              2000     2000        4        0       5
                text48                             1F86     1F86        D     3F0C       0
                text47                             1F43     1F43        9     3E86       0
                text46                             1F4C     1F4C        9     3E98       0
                text45                             1F70     1F70        A     3EE0       0
                text44                             1F7A     1F7A        C     3EF4       0
                text43                             11C9     11C9       42     2392       0
                text42                             1554     1554       67     2AA8       0
                text41                             1380     1380       59     2700       0
                text40                             1086     1086       25     210C       0
                text39                             1434     1434       5D     2868       0
                text38                              974      974      155     12E8       0
                text37                             1F93     1F93        D     3F26       0
                text36                             1124     1124       32     2248       0
                text35                             1F55     1F55        9     3EAA       0
                text34                             1F5E     1F5E        9     3EBC       0
                text33                             1F67     1F67        9     3ECE       0
                text32                             1038     1038        A     2070       0
                text31                             1FBA     1FBA        E     3F74       0
                text30                             120B     120B       46     2416       0
                text29                             10AB     10AB       27     2156       0
                text28                             10D2     10D2       29     21A4       0
                text27                             1623     1623       69     2C46       0
                text26                             13D9     13D9       5B     27B2       0
                text25                             1491     1491       61     2922       0
                text24                              816      816       A4     102C       0
                text23                             10FB     10FB       29     21F6       0
                text22                              CBB      CBB      345     1976       0
                text21                             1FA0     1FA0        D     3F40       0
                text20                              527      527      258        8       0
                text19                             1062     1062       24     20C4       0
                text18                             1701     1701       78     2E02       0
                text17                              8BA      8BA       BA     1174       0
                text16                             1297     1297       48     252E       0
                text15                             168C     168C       75     2D18       0
                text14                              AC9      AC9      1F2     1592       0
                text13                             15BB     15BB       68     2B76       0
                text12                             118F     118F       3A     231E       0
                text11                             1042     1042       20     2084       0
                text10                             1FC8     1FC8       1C     3F90       0
                text9                              1FAD     1FAD        D     3F5A       0
                text8                              14F2     14F2       62     29E4       0
                text7                              12DF     12DF       4C     25BE       0
                text6                              1156     1156       39     22AC       0
                text5                              1251     1251       46     24A2       0
                text4                              132B     132B       55     2656       0
                text3                              1FE4     1FE4       1C     3FC8       0
                text2                               77F      77F       7E        8       0
                text1                              1779     1779       87     2EF2       0
                maintext                             38       38      4EF        8       0
                cstackBANK0                          20       20       30       20       1
                cstackCOMMON                         70       70        D       70       1
                cstackBANK1                          BC       BC       19       A0       1
                clrtext                            1F33     1F33        8     3E66       0
                inittext                            803      803       13     1006       0
                bssBANK1                             A0       A0       1C       A0       1
                dataBANK0                            5B       5B        8       20       1
                bssBANK0                             50       50        B       20       1
                bssCOMMON                            7D       7D        1       70       1
                strings                            1000     1000       38     2000       0
                idataBANK0                         1F3B     1F3B        8     3E76       0

TOTAL           Name                               Link     Load   Length     Space
        CLASS   CODE           
                end_init                             12       12        3         0
                cinit                                15       15       23         0
                intentry                              4        4        E         0
                reset_vec                             0        0        3         0
                text48                             1F86     1F86        D         0
                text47                             1F43     1F43        9         0
                text46                             1F4C     1F4C        9         0
                text45                             1F70     1F70        A         0
                text44                             1F7A     1F7A        C         0
                text43                             11C9     11C9       42         0
                text42                             1554     1554       67         0
                text41                             1380     1380       59         0
                text40                             1086     1086       25         0
                text39                             1434     1434       5D         0
                text38                              974      974      155         0
                text37                             1F93     1F93        D         0
                text36                             1124     1124       32         0
                text35                             1F55     1F55        9         0
                text34                             1F5E     1F5E        9         0
                text33                             1F67     1F67        9         0
                text32                             1038     1038        A         0
                text31                             1FBA     1FBA        E         0
                text30                             120B     120B       46         0
                text29                             10AB     10AB       27         0
                text28                             10D2     10D2       29         0
                text27                             1623     1623       69         0
                text26                             13D9     13D9       5B         0
                text25                             1491     1491       61         0
                text24                              816      816       A4         0
                text23                             10FB     10FB       29         0
                text22                              CBB      CBB      345         0
                text21                             1FA0     1FA0        D         0
                text20                              527      527      258         0
                text19                             1062     1062       24         0
                text18                             1701     1701       78         0
                text17                              8BA      8BA       BA         0
                text16                             1297     1297       48         0
                text15                             168C     168C       75         0
                text14                              AC9      AC9      1F2         0
                text13                             15BB     15BB       68         0
                text12                             118F     118F       3A         0
                text11                             1042     1042       20         0
                text10                             1FC8     1FC8       1C         0
                text9                              1FAD     1FAD        D         0
                text8                              14F2     14F2       62         0
                text7                              12DF     12DF       4C         0
                text6                              1156     1156       39         0
                text5                              1251     1251       46         0
                text4                              132B     132B       55         0
                text3                              1FE4     1FE4       1C         0
                text2                               77F      77F       7E         0
                text1                              1779     1779       87         0
                maintext                             38       38      4EF         0
                clrtext                            1F33     1F33        8         0
                inittext                            803      803       13         0
                idataBANK0                         1F3B     1F3B        8         0

        CLASS   STRCODE        

        CLASS   STRING         
                strings                            1000     1000       38         0

        CLASS   CONST          

        CLASS   ENTRY          

        CLASS   COMMON         
                cstackCOMMON                         70       70        D         1
                bssCOMMON                            7D       7D        1         1

        CLASS   BANK0          
                cstackBANK0                          20       20       30         1
                dataBANK0                            5B       5B        8         1
                bssBANK0                             50       50        B         1

        CLASS   BANK1          
                cstackBANK1                          BC       BC       19         1
                bssBANK1                             A0       A0       1C         1

        CLASS   BANK2          

        CLASS   BANK3          

        CLASS   RAM            

        CLASS   ABS1           
                abs_s1                               7E       7E        2         1

        CLASS   SFR0           

        CLASS   SFR1           

        CLASS   SFR2           

        CLASS   SFR3           

        CLASS   CONFIG         
                config                             2007     2007        2         4

        CLASS   IDLOC          
                idloc                              2000     2000        4         5

        CLASS   EEDATA         

        CLASS   STACK          



SEGMENTS        Name                           Load    Length   Top    Selector   Space  Class     Delta

                reset_vec                      000000  000003  000003         0       0  CODE        2
                intentry                       000004  0007F9  0007FD         8       0  CODE        2
                cstackBANK0                    000020  000043  000063        20       1  BANK0       1
                cstackCOMMON                   000070  00000E  00007E        70       1  COMMON      1
                bssBANK1                       0000A0  000035  0000D5        A0       1  BANK1       1
                inittext                       000803  000013  000816      1006       0  CODE        2
                text24                         000816  0000A4  0008BA      102C       0  CODE        2
                text17                         0008BA  0000BA  000974      1174       0  CODE        2
                text38                         000974  000155  000AC9      12E8       0  CODE        2
                text14                         000AC9  0001F2  000CBB      1592       0  CODE        2
                text22                         000CBB  000345  001000      1976       0  CODE        2
                strings                        001000  000038  001038      2000       0  STRING      2
                text32                         001038  00000A  001042      2070       0  CODE        2
                text11                         001042  000020  001062      2084       0  CODE        2
                text19                         001062  000024  001086      20C4       0  CODE        2
                text40                         001086  000025  0010AB      210C       0  CODE        2
                text29                         0010AB  000027  0010D2      2156       0  CODE        2
                text28                         0010D2  000029  0010FB      21A4       0  CODE        2
                text23                         0010FB  000029  001124      21F6       0  CODE        2
                text36                         001124  000032  001156      2248       0  CODE        2
                text6                          001156  000039  00118F      22AC       0  CODE        2
                text12                         00118F  00003A  0011C9      231E       0  CODE        2
                text43                         0011C9  000042  00120B      2392       0  CODE        2
                text30                         00120B  000046  001251      2416       0  CODE        2
                text5                          001251  000046  001297      24A2       0  CODE        2
                text16                         001297  000048  0012DF      252E       0  CODE        2
                text7                          0012DF  00004C  00132B      25BE       0  CODE        2
                text4                          00132B  000055  001380      2656       0  CODE        2
                text41                         001380  000059  0013D9      2700       0  CODE        2
                text26                         0013D9  00005B  001434      27B2       0  CODE        2
                text39                         001434  00005D  001491      2868       0  CODE        2
                text25                         001491  000061  0014F2      2922       0  CODE        2
                text8                          0014F2  000062  001554      29E4       0  CODE        2
                text42                         001554  000067  0015BB      2AA8       0  CODE        2
                text13                         0015BB  000068  001623      2B76       0  CODE        2
                text27                         001623  000069  00168C      2C46       0  CODE        2
                text15                         00168C  000075  001701      2D18       0  CODE        2
                text18                         001701  000078  001779      2E02       0  CODE        2
                text1                          001779  000087  001800      2EF2       0  CODE        2
                clrtext                        001F33  000008  001F3B      3E66       0  CODE        2
                idataBANK0                     001F3B  000008  001F43      3E76       0  CODE        2
                text47                         001F43  000009  001F4C      3E86       0  CODE        2
                text46                         001F4C  000009  001F55      3E98       0  CODE        2
                text35                         001F55  000009  001F5E      3EAA       0  CODE        2
                text34                         001F5E  000009  001F67      3EBC       0  CODE        2
                text33                         001F67  000009  001F70      3ECE       0  CODE        2
                text45                         001F70  00000A  001F7A      3EE0       0  CODE        2
                text44                         001F7A  00000C  001F86      3EF4       0  CODE        2
                text48                         001F86  00000D  001F93      3F0C       0  CODE        2
                text37                         001F93  00000D  001FA0      3F26       0  CODE        2
                text21                         001FA0  00000D  001FAD      3F40       0  CODE        2
                text9                          001FAD  00000D  001FBA      3F5A       0  CODE        2
                text31                         001FBA  00000E  001FC8      3F74       0  CODE        2
                text10                         001FC8  00001C  001FE4      3F90       0  CODE        2
                text3                          001FE4  00001C  002000      3FC8       0  CODE        2


UNUSED ADDRESS RANGES

        Name                Unused          Largest block    Delta
        BANK0            0063-006F              D           1
        BANK1            00D5-00EF             1B           1
        BANK2            0110-016F             60           1
        BANK3            0190-01EF             60           1
        CODE             0003-0003              1           2
                         07FD-0802              3
                         1800-1F32            733
        CONST            0003-0003              1           2
                         07FD-0802              3
                         1800-1F32            100
        EEDATA           2100-21FF            100           2
        ENTRY            0003-0003              1           2
                         07FD-0802              3
                         1800-1F32            100
        RAM              0063-006F              D           1
                         00D5-00EF             1B
                         0110-016F             60
                         0190-01EF             60
        SFR0             0000-001F             20           1
        SFR1             0080-009F             20           1
        SFR2             0100-010F             10           1
        SFR3             0180-018F             10           1
        STRCODE          0003-0003              1           2
                         07FD-0802              6
                         1800-1F32            733
        STRING           0003-0003              1           2
                         07FD-0802              3
                         1800-1F32            100

                                  Symbol Table

?_I2C_Master_Read                 cstackBANK0  002D
?__Umul8_16                       cstackBANK0  002D
?___awdiv                         cstackBANK0  002D
?___awmod                         cstackBANK0  002D
?___fladd                         cstackBANK0  002D
?___flmul                         cstackBANK0  0036
?___flneg                         cstackBANK0  002D
?___flsub                         cstackBANK0  0044
?___fltol                         cstackBANK0  0041
?___lldiv                         cstackBANK0  002D
?___wmul                          cstackBANK0  002D
?___xxtofl                        cstackBANK0  0036
?_b2d                             cstackBANK0  0033
?_d2b                             cstackBANK0  0036
?_intToStr                        cstackBANK0  0038
?i1___awdiv                       cstackCOMMON 0070
?i1___awmod                       cstackCOMMON 0070
?i1___wmul                        cstackCOMMON 0070
?i1_d2b                           cstackCOMMON 0079
I2C_Master_Init@c                 cstackBANK0  003B
I2C_Master_Read@a                 cstackBANK0  002D
I2C_Master_Read@temp              cstackBANK0  0031
I2C_Master_Write@d                cstackBANK0  003E
Lcd_Cmd@a                         cstackBANK0  0030
Lcd_Port@a                        cstackBANK0  002D
Lcd_Set_Cursor@a                  cstackBANK0  0033
Lcd_Set_Cursor@b                  cstackBANK0  0031
Lcd_Set_Cursor@temp               cstackBANK0  0036
Lcd_Set_Cursor@y                  cstackBANK0  0035
Lcd_Set_Cursor@z                  cstackBANK0  0034
Lcd_Write_Char@a                  cstackBANK0  0031
Lcd_Write_Char@temp               cstackBANK0  002F
Lcd_Write_Char@y                  cstackBANK0  0030
Lcd_Write_String@a                cstackBANK0  0032
Lcd_Write_String@i                cstackBANK0  0037
USART_init_baud@baudrate          cstackBANK0  003B
USART_init_baud@value             cstackBANK0  0043
USART_print@i                     cstackBANK0  0033
USART_print@string                cstackBANK0  002E
USART_send@data                   cstackBANK0  002D
_ANSEL                            (abs)        0188
_ANSELH                           (abs)        0189
_BAUDCTLbits                      (abs)        0187
_GIE                              (abs)        005F
_HumidityValue                    bssBANK0     0058
_I2C_Master_Init                  text12       118F
_I2C_Master_Read                  text36       1124
_I2C_Master_RepeatedStart         text35       1F55
_I2C_Master_Start                 text34       1F5E
_I2C_Master_Stop                  text33       1F67
_I2C_Master_Wait                  text37       1F93
_I2C_Master_Write                 text32       1038
_INTCONbits                       (abs)        000B
_IOCB                             (abs)        0096
_Lcd_Clear                        text9        1FAD
_Lcd_Cmd                          text10       1FC8
_Lcd_Init                         text8        14F2
_Lcd_Port                         text11       1042
_Lcd_Set_Cursor                   text7        12DF
_Lcd_Write_Char                   text6        1156
_Lcd_Write_String                 text5        1251
_OPTION_REGbits                   (abs)        0081
_OSCCONbits                       (abs)        008F
_PEIE                             (abs)        005E
_PIE1bits                         (abs)        008C
_PIR1bits                         (abs)        000C
_PORTA                            (abs)        0005
_PORTB                            (abs)        0006
_PORTBbits                        (abs)        0006
_PORTD                            (abs)        0008
_PORTDbits                        (abs)        0008
_PS0                              (abs)        0408
_PS1                              (abs)        0409
_PS2                              (abs)        040A
_PSA                              (abs)        040B
_RA1                              (abs)        0029
_RCIF                             (abs)        0065
_RCREG                            (abs)        001A
_RCSTAbits                        (abs)        0018
_RD3                              (abs)        0043
_RD4                              (abs)        0044
_RD5                              (abs)        0045
_RD6                              (abs)        0046
_RD7                              (abs)        0047
_SPBRG                            (abs)        0099
_SSPADD                           (abs)        0093
_SSPBUF                           (abs)        0013
_SSPCON                           (abs)        0014
_SSPCON2                          (abs)        0091
_SSPCON2bits                      (abs)        0091
_SSPIE                            (abs)        0463
_SSPIF                            (abs)        0063
_SSPSTAT                          (abs)        0094
_T0CS                             (abs)        040D
_T0IE                             (abs)        005D
_T0IF                             (abs)        005A
_T0SE                             (abs)        040C
_TMR0                             (abs)        0001
_TRISA                            (abs)        0085
_TRISB                            (abs)        0086
_TRISC3                           (abs)        043B
_TRISC4                           (abs)        043C
_TRISCbits                        (abs)        0087
_TRISD                            (abs)        0088
_TRMT                             (abs)        04C1
_TXREG                            (abs)        0019
_TXSTAbits                        (abs)        0098
_TemperatureValue                 bssBANK0     0059
_USART_init_baud                  text4        132B
_USART_print                      text30       120B
_USART_send                       text31       1FBA
_WPUB                             (abs)        0095
__Habs1                           abs1         0000
__Hbank0                          bank0        0000
__Hbank1                          bank1        0000
__Hbank2                          bank2        0000
__Hbank3                          bank3        0000
__HbssBANK0                       bssBANK0     0000
__HbssBANK1                       bssBANK1     0000
__HbssCOMMON                      bssCOMMON    0000
__Hcinit                          cinit        0038
__Hclrtext                        clrtext      0000
__Hcode                           code         0000
__Hcommon                         common       0000
__Hconfig                         config       2009
__HcstackBANK0                    cstackBANK0  0000
__HcstackBANK1                    cstackBANK1  0000
__HcstackCOMMON                   cstackCOMMON 0000
__HdataBANK0                      dataBANK0    0000
__Heeprom_data                    eeprom_data  0000
__Hend_init                       end_init     0015
__Hfunctab                        functab      0000
__HidataBANK0                     idataBANK0   0000
__Hidloc                          idloc        2004
__Hinit                           init         0012
__Hinittext                       inittext     0000
__Hintentry                       intentry     0012
__Hmaintext                       maintext     0000
__Hpowerup                        powerup      0000
__Hram                            ram          0000
__Hreset_vec                      reset_vec    0003
__Hsfr0                           sfr0         0000
__Hsfr1                           sfr1         0000
__Hsfr2                           sfr2         0000
__Hsfr3                           sfr3         0000
__Hspace_0                        (abs)        2000
__Hspace_1                        (abs)        00D5
__Hspace_2                        (abs)        0000
__Hspace_3                        (abs)        0000
__Hspace_4                        (abs)        4010
__Hstack                          stack        0000
__Hstrings                        strings      0000
__Htext                           text         0000
__Labs1                           abs1         0000
__Lbank0                          bank0        0000
__Lbank1                          bank1        0000
__Lbank2                          bank2        0000
__Lbank3                          bank3        0000
__LbssBANK0                       bssBANK0     0000
__LbssBANK1                       bssBANK1     0000
__LbssCOMMON                      bssCOMMON    0000
__Lcinit                          cinit        0015
__Lclrtext                        clrtext      0000
__Lcode                           code         0000
__Lcommon                         common       0000
__Lconfig                         config       0000
__LcstackBANK0                    cstackBANK0  0000
__LcstackBANK1                    cstackBANK1  0000
__LcstackCOMMON                   cstackCOMMON 0000
__LdataBANK0                      dataBANK0    0000
__Leeprom_data                    eeprom_data  0000
__Lend_init                       end_init     0012
__Lfunctab                        functab      0000
__LidataBANK0                     idataBANK0   0000
__Lidloc                          idloc        0000
__Linit                           init         0012
__Linittext                       inittext     0000
__Lintentry                       intentry     0004
__Lmaintext                       maintext     0000
__Lpowerup                        powerup      0000
__Lram                            ram          0000
__Lreset_vec                      reset_vec    0000
__Lsfr0                           sfr0         0000
__Lsfr1                           sfr1         0000
__Lsfr2                           sfr2         0000
__Lsfr3                           sfr3         0000
__Lspace_0                        (abs)        0000
__Lspace_1                        (abs)        0000
__Lspace_2                        (abs)        0000
__Lspace_3                        (abs)        0000
__Lspace_4                        (abs)        0000
__Lstack                          stack        0000
__Lstrings                        strings      0000
__Ltext                           text         0000
__S0                              (abs)        2000
__S1                              (abs)        00D5
__S3                              (abs)        0000
__Umul8_16                        text23       10FB
__Umul8_16@multiplicand           cstackBANK0  002D
__Umul8_16@multiplier             cstackBANK0  0035
__Umul8_16@product                cstackBANK0  0031
__Umul8_16@word_mpld              cstackBANK0  0033
___awdiv                          text27       1623
___awdiv@counter                  cstackBANK0  0032
___awdiv@dividend                 cstackBANK0  002F
___awdiv@divisor                  cstackBANK0  002D
___awdiv@quotient                 cstackBANK0  0034
___awdiv@sign                     cstackBANK0  0033
___awmod                          text26       13D9
___awmod@counter                  cstackBANK0  0032
___awmod@dividend                 cstackBANK0  002F
___awmod@divisor                  cstackBANK0  002D
___awmod@sign                     cstackBANK0  0033
___fladd                          text20       0527
___fladd@a                        cstackBANK0  0031
___fladd@aexp                     cstackBANK0  003E
___fladd@b                        cstackBANK0  002D
___fladd@bexp                     cstackBANK0  003F
___fladd@grs                      cstackBANK0  0040
___fladd@signs                    cstackBANK0  003D
___flge                           text24       0816
___flge@ff1                       cstackBANK0  002D
___flge@ff2                       cstackBANK0  0031
___flmul                          text22       0CBB
___flmul@a                        cstackBANK0  003A
___flmul@aexp                     cstackBANK0  0048
___flmul@b                        cstackBANK0  0036
___flmul@bexp                     cstackBANK0  0049
___flmul@grs                      cstackBANK0  0044
___flmul@prod                     cstackBANK0  004A
___flmul@sign                     cstackBANK0  0043
___flmul@temp                     cstackBANK0  004E
___flneg                          text21       1FA0
___flneg@f1                       cstackBANK0  002D
___flsub                          text19       1062
___flsub@a                        cstackBANK0  0044
___flsub@b                        cstackBANK0  0048
___fltol                          text18       1701
___fltol@exp1                     cstackBANK0  004A
___fltol@f1                       cstackBANK0  0041
___fltol@sign1                    cstackBANK0  0049
___int_sp                         stack        0000
___latbits                        (abs)        0002
___lldiv                          text13       15BB
___lldiv@counter                  cstackBANK0  003A
___lldiv@dividend                 cstackBANK0  0031
___lldiv@divisor                  cstackBANK0  002D
___lldiv@quotient                 cstackBANK0  0036
___sp                             stack        0000
___stackhi                        (abs)        0000
___stacklo                        (abs)        0000
___wmul                           text29       10AB
___wmul@multiplicand              cstackBANK0  002F
___wmul@multiplier                cstackBANK0  002D
___wmul@product                   cstackBANK0  0031
___xxtofl                         text17       08BA
___xxtofl@arg                     cstackBANK0  0040
___xxtofl@exp                     cstackBANK0  003F
___xxtofl@sign                    cstackBANK0  003E
___xxtofl@val                     cstackBANK0  0036
__end_of_I2C_Master_Init          text12       11C9
__end_of_I2C_Master_Read          text36       1156
__end_of_I2C_Master_RepeatedStart text35       1F5E
__end_of_I2C_Master_Start         text34       1F67
__end_of_I2C_Master_Stop          text33       1F70
__end_of_I2C_Master_Wait          text37       1FA0
__end_of_I2C_Master_Write         text32       1042
__end_of_Lcd_Clear                text9        1FBA
__end_of_Lcd_Cmd                  text10       1FE4
__end_of_Lcd_Init                 text8        1554
__end_of_Lcd_Port                 text11       1062
__end_of_Lcd_Set_Cursor           text7        132B
__end_of_Lcd_Write_Char           text6        118F
__end_of_Lcd_Write_String         text5        1297
__end_of_USART_init_baud          text4        1380
__end_of_USART_print              text30       1251
__end_of_USART_send               text31       1FC8
__end_of__Umul8_16                text23       1124
__end_of___awdiv                  text27       168C
__end_of___awmod                  text26       1434
__end_of___fladd                  text20       077F
__end_of___flge                   text24       08BA
__end_of___flmul                  text22       1000
__end_of___flneg                  text21       1FAD
__end_of___flsub                  text19       1086
__end_of___fltol                  text18       1779
__end_of___lldiv                  text13       1623
__end_of___wmul                   text29       10D2
__end_of___xxtofl                 text17       0974
__end_of__initialization          cinit        0034
__end_of__stringtab               strings      1010
__end_of_b2d                      text28       10FB
__end_of_d2b                      text25       14F2
__end_of_floatToStr               text14       0CBB
__end_of_intToStr                 text15       1701
__end_of_ioc_init                 text3        2000
__end_of_isr                      text38       0AC9
__end_of_main                     maintext     0527
__end_of_reverse                  text16       12DF
__end_of_setup                    text2        07FD
__end_of_uint8ToString            text1        1800
__end_ofi1_I2C_Master_Start       text47       1F4C
__end_ofi1_I2C_Master_Stop        text46       1F55
__end_ofi1_I2C_Master_Wait        text48       1F93
__end_ofi1_I2C_Master_Write       text45       1F7A
__end_ofi1_USART_print            text43       120B
__end_ofi1_USART_send             text44       1F86
__end_ofi1___awdiv                text42       15BB
__end_ofi1___awmod                text41       13D9
__end_ofi1___wmul                 text40       10AB
__end_ofi1_d2b                    text39       1491
__initialization                  cinit        0015
__pbssBANK0                       bssBANK0     0050
__pbssBANK1                       bssBANK1     00A0
__pbssCOMMON                      bssCOMMON    007D
__pcstackBANK0                    cstackBANK0  0020
__pcstackBANK1                    cstackBANK1  00BC
__pcstackCOMMON                   cstackCOMMON 0070
__pdataBANK0                      dataBANK0    005B
__pidataBANK0                     idataBANK0   1F3B
__pintentry                       intentry     0004
__pmaintext                       maintext     0038
__pstrings                        strings      1000
__ptext1                          text1        1779
__ptext10                         text10       1FC8
__ptext11                         text11       1042
__ptext12                         text12       118F
__ptext13                         text13       15BB
__ptext14                         text14       0AC9
__ptext15                         text15       168C
__ptext16                         text16       1297
__ptext17                         text17       08BA
__ptext18                         text18       1701
__ptext19                         text19       1062
__ptext2                          text2        077F
__ptext20                         text20       0527
__ptext21                         text21       1FA0
__ptext22                         text22       0CBB
__ptext23                         text23       10FB
__ptext24                         text24       0816
__ptext25                         text25       1491
__ptext26                         text26       13D9
__ptext27                         text27       1623
__ptext28                         text28       10D2
__ptext29                         text29       10AB
__ptext3                          text3        1FE4
__ptext30                         text30       120B
__ptext31                         text31       1FBA
__ptext32                         text32       1038
__ptext33                         text33       1F67
__ptext34                         text34       1F5E
__ptext35                         text35       1F55
__ptext36                         text36       1124
__ptext37                         text37       1F93
__ptext38                         text38       0974
__ptext39                         text39       1434
__ptext4                          text4        132B
__ptext40                         text40       1086
__ptext41                         text41       1380
__ptext42                         text42       1554
__ptext43                         text43       11C9
__ptext44                         text44       1F7A
__ptext45                         text45       1F70
__ptext46                         text46       1F4C
__ptext47                         text47       1F43
__ptext48                         text48       1F86
__ptext5                          text5        1251
__ptext6                          text6        1156
__ptext7                          text7        12DF
__ptext8                          text8        14F2
__ptext9                          text9        1FAD
__stringbase                      strings      100F
__stringtab                       strings      1000
_b2d                              text28       10D2
_bufferAlarm                      bssBANK0     0057
_bufferHour                       bssBANK1     00B8
_bufferHum                        bssBANK1     00A8
_bufferMin                        bssBANK1     00B0
_bufferQ                          bssBANK1     00AC
_bufferSec                        bssBANK1     00B4
_bufferTemp                       bssBANK1     00A4
_caudal                           bssBANK1     00A0
_count                            bssCOMMON    007D
_d2b                              text25       1491
_floatToStr                       text14       0AC9
_hour                             dataBANK0    0061
_intToStr                         text15       168C
_ioc_init                         text3        1FE4
_isr                              text38       0974
_main                             maintext     0038
_min                              dataBANK0    005F
_on_time                          bssBANK0     0050
_qPulse_Value                     bssBANK0     005A
_reverse                          text16       1297
_sec                              dataBANK0    005D
_setup                            text2        077F
_uint8ToString                    text1        1779
b2d@to_convert                    cstackBANK0  0033
btemp                             (abs)        007E
clear_ram0                        clrtext      1F33
d2b@bcd                           cstackBANK0  003A
d2b@digit                         cstackBANK0  0038
d2b@multiplier                    cstackBANK0  003C
d2b@to_convert                    cstackBANK0  0036
end_of_initialization             cinit        0034
floatToStr@buffer                 cstackBANK1  00C0
floatToStr@floatingLength         cstackBANK1  00C8
floatToStr@floatingPart           cstackBANK1  00CE
floatToStr@i                      cstackBANK1  00CA
floatToStr@integerLength          cstackBANK1  00C6
floatToStr@integerPart            cstackBANK1  00CC
floatToStr@precision              cstackBANK1  00C1
floatToStr@roundedFloatingPart    cstackBANK1  00C4
floatToStr@value                  cstackBANK1  00BC
i1I2C_Master_Write@d              cstackCOMMON 007B
i1USART_print@i                   cstackCOMMON 0076
i1USART_print@string              cstackCOMMON 0071
i1USART_send@data                 cstackCOMMON 0070
i1_I2C_Master_Start               text47       1F43
i1_I2C_Master_Stop                text46       1F4C
i1_I2C_Master_Wait                text48       1F86
i1_I2C_Master_Write               text45       1F70
i1_USART_print                    text43       11C9
i1_USART_send                     text44       1F7A
i1___awdiv                        text42       1554
i1___awdiv@counter                cstackCOMMON 0075
i1___awdiv@dividend               cstackCOMMON 0072
i1___awdiv@divisor                cstackCOMMON 0070
i1___awdiv@quotient               cstackCOMMON 0077
i1___awdiv@sign                   cstackCOMMON 0076
i1___awmod                        text41       1380
i1___awmod@counter                cstackCOMMON 0075
i1___awmod@dividend               cstackCOMMON 0072
i1___awmod@divisor                cstackCOMMON 0070
i1___awmod@sign                   cstackCOMMON 0076
i1___wmul                         text40       1086
i1___wmul@multiplicand            cstackCOMMON 0072
i1___wmul@multiplier              cstackCOMMON 0070
i1___wmul@product                 cstackCOMMON 0074
i1_d2b                            text39       1434
i1d2b@bcd                         cstackBANK0  0022
i1d2b@digit                       cstackBANK0  0020
i1d2b@multiplier                  cstackBANK0  0024
i1d2b@to_convert                  cstackCOMMON 0079
init_fetch0                       inittext     0803
init_ram0                         inittext     0807
intToStr@d                        cstackBANK0  003B
intToStr@i                        cstackBANK0  003E
intToStr@str                      cstackBANK0  003A
intToStr@x                        cstackBANK0  0038
interrupt_function                intentry     0004
intlevel0                         functab      0000
intlevel1                         functab      0000
intlevel2                         functab      0000
intlevel3                         functab      0000
intlevel4                         functab      0000
intlevel5                         functab      0000
ioc_init@pin                      cstackBANK0  002D
reset_vec                         reset_vec    0000
reverse@end                       cstackBANK0  0035
reverse@length                    cstackBANK0  002D
reverse@start                     cstackBANK0  0033
reverse@str                       cstackBANK0  0037
reverse@temp                      cstackBANK0  0032
saved_w                           (abs)        007E
start                             init         0012
start_initialization              cinit        0015
uint8ToString@i                   cstackBANK0  003C
uint8ToString@left                cstackBANK0  003D
uint8ToString@num                 cstackBANK0  003A
uint8ToString@right               cstackBANK0  003E
uint8ToString@str                 cstackBANK0  0036
uint8ToString@temp                cstackBANK0  003F
uint8ToString@tempChar            cstackBANK0  003B
wtemp0                            (abs)        007E


MODULE INFORMATION

Module		Function		Class		Link	Load	Size
C:\Program Files\Microchip\xc8\v2.40\pic\sources\c90\common\fltol.c
		___fltol       		CODE           	1701	0000	120

C:\Program Files\Microchip\xc8\v2.40\pic\sources\c90\common\fltol.c estimated size: 120

USART.c
		_USART_init_baud		CODE           	132B	0000	85
		_USART_print   		CODE           	120B	0000	70
		_USART_send    		CODE           	1FBA	0000	14

USART.c estimated size: 169

IOCB.c
		_ioc_init      		CODE           	1FE4	0000	28

IOCB.c estimated size: 28

C:\Program Files\Microchip\xc8\v2.40\pic\sources\c90\common\awdiv.c
		___awdiv       		CODE           	1623	0000	105

C:\Program Files\Microchip\xc8\v2.40\pic\sources\c90\common\awdiv.c estimated size: 105

masterProyecto.c
		_intToStr      		CODE           	168C	0000	117
		_main          		CODE           	0038	0000	1263
		_uint8ToString 		CODE           	1779	0000	135
		_d2b           		CODE           	1491	0000	97
		_b2d           		CODE           	10D2	0000	41
		_isr           		CODE           	0974	0000	341
		_setup         		CODE           	077F	0000	126
		_floatToStr    		CODE           	0AC9	0000	498
		_reverse       		CODE           	1297	0000	72

masterProyecto.c estimated size: 2690

C:\Program Files\Microchip\xc8\v2.40\pic\sources\c90\common\sprcmul.c
		___flmul       		CODE           	0CBB	0000	837

C:\Program Files\Microchip\xc8\v2.40\pic\sources\c90\common\sprcmul.c estimated size: 837

I2C.c
		_I2C_Master_Read		CODE           	1124	0000	50
		_I2C_Master_Wait		CODE           	1F93	0000	13
		_I2C_Master_Init		CODE           	118F	0000	58
		_I2C_Master_Stop		CODE           	1F67	0000	9
		_I2C_Master_RepeatedStart		CODE           	1F55	0000	9
		_I2C_Master_Write		CODE           	1038	0000	10
		_I2C_Master_Start		CODE           	1F5E	0000	9

I2C.c estimated size: 158

C:\Program Files\Microchip\xc8\v2.40\pic\sources\c90\common\__lldiv.c
		___lldiv       		CODE           	15BB	0000	104

C:\Program Files\Microchip\xc8\v2.40\pic\sources\c90\common\__lldiv.c estimated size: 104

C:\Program Files\Microchip\xc8\v2.40\pic\sources\c90\common\flneg.c
		___flneg       		CODE           	1FA0	0000	13

C:\Program Files\Microchip\xc8\v2.40\pic\sources\c90\common\flneg.c estimated size: 13

C:\Program Files\Microchip\xc8\v2.40\pic\sources\c90\common\Umul8_16.c
		__Umul8_16     		CODE           	10FB	0000	41

C:\Program Files\Microchip\xc8\v2.40\pic\sources\c90\common\Umul8_16.c estimated size: 41

C:\Program Files\Microchip\xc8\v2.40\pic\sources\c90\common\Umul16.c
		___wmul        		CODE           	10AB	0000	39

C:\Program Files\Microchip\xc8\v2.40\pic\sources\c90\common\Umul16.c estimated size: 39

shared
		i1_I2C_Master_Start		CODE           	1F43	0000	9
		__stringtab    		STRING         	1000	0000	16
		i1_d2b         		CODE           	1434	0000	93
		i1___awdiv     		CODE           	1554	0000	103
		i1___wmul      		CODE           	1086	0000	37
		__initialization		CODE           	0015	0000	31
		i1___awmod     		CODE           	1380	0000	89
		i1_I2C_Master_Wait		CODE           	1F86	0000	13
		i1_I2C_Master_Stop		CODE           	1F4C	0000	9
		i1_USART_send  		CODE           	1F7A	0000	12
		i1_USART_print 		CODE           	11C9	0000	66
		i1_I2C_Master_Write		CODE           	1F70	0000	10

shared estimated size: 488

C:\Program Files\Microchip\xc8\v2.40\pic\sources\c90\common\sprcadd.c
		___flsub       		CODE           	1062	0000	36
		___fladd       		CODE           	0527	0000	600

C:\Program Files\Microchip\xc8\v2.40\pic\sources\c90\common\sprcadd.c estimated size: 636

C:\Program Files\Microchip\xc8\v2.40\pic\sources\c90\common\awmod.c
		___awmod       		CODE           	13D9	0000	91

C:\Program Files\Microchip\xc8\v2.40\pic\sources\c90\common\awmod.c estimated size: 91

C:\Program Files\Microchip\xc8\v2.40\pic\sources\c90\common\flge.c
		___flge        		CODE           	0816	0000	164

C:\Program Files\Microchip\xc8\v2.40\pic\sources\c90\common\flge.c estimated size: 164

C:\Program Files\Microchip\xc8\v2.40\pic\sources\c90\common\xxtofl.c
		___xxtofl      		CODE           	08BA	0000	186

C:\Program Files\Microchip\xc8\v2.40\pic\sources\c90\common\xxtofl.c estimated size: 186

LCD.c
		_Lcd_Write_String		CODE           	1251	0000	70
		_Lcd_Init      		CODE           	14F2	0000	98
		_Lcd_Write_Char		CODE           	1156	0000	57
		_Lcd_Cmd       		CODE           	1FC8	0000	28
		_Lcd_Set_Cursor		CODE           	12DF	0000	76
		_Lcd_Clear     		CODE           	1FAD	0000	13
		_Lcd_Port      		CODE           	1042	0000	32

LCD.c estimated size: 374

